I'm sorry, but errors were detected in your script. Please correct the
errors listed below, and try again.


File "game/gluttony.rpy", line 48: indentation mismatch.

Ren'Py Version: Ren'Py 7.3.5.606
Sat Apr 11 13:30:30 2020
